2025-10-30T15:51:47.309Z - log: [Package] menu@1.0.0 enable
2025-10-30T15:51:47.312Z - log: [Package] profile@1.0.0 enable
2025-10-30T15:51:47.319Z - log: [Package] project@1.0.2 enable
2025-10-30T15:51:47.323Z - log: [Package] messages@1.0.0 enable
2025-10-30T15:51:47.325Z - log: [Package] program@1.0.0 enable
2025-10-30T15:51:47.331Z - log: [Package] tester@1.0.0 enable
2025-10-30T15:51:47.335Z - log: [Package] preferences@1.0.0 enable
2025-10-30T15:51:50.052Z - log: Load engine in C:\ProgramData\cocos\editors\Creator\3.6.3\resources\resources\3d\engine
2025-10-30T15:51:50.558Z - log: Profile changed: engine (modules.includeModules: 2d,animation,audio,base,dragon-bones,gfx-webgl,gfx-webgl2,intersection-2d,particle-2d,physics-2d-box2d,profiler,spine,tiled-map,tween,ui,video,webview)
2025-10-30T15:51:50.570Z - log: Register native engine in C:\ProgramData\cocos\editors\Creator\3.6.3\resources\resources\3d\engine\native
2025-10-30T15:51:50.572Z - log: [Package] engine@1.0.7 enable
2025-10-30T15:51:51.693Z - log: [Package] programming@1.0.0 enable
2025-10-30T15:51:51.736Z - warn: 
2025-10-30T15:51:51.772Z - warn: 
2025-10-30T15:51:52.056Z - log: [Package] device@1.0.1 enable
2025-10-30T15:51:52.091Z - log: [Package] ui-kit@1.0.1 enable
2025-10-30T15:51:52.119Z - log: [Package] engine-extends@1.0.0 enable
2025-10-30T15:51:52.191Z - log: [Package] asset-db@1.0.0 enable
2025-10-30T15:51:52.191Z - warn: 
2025-10-30T15:51:52.225Z - log: [Package] scene@1.0.0 enable
2025-10-30T15:51:52.374Z - log: [Package] server@1.0.0 enable
2025-10-30T15:51:52.406Z - log: [Package] utils@1.0.0 enable
2025-10-30T15:52:02.218Z - warn: 
2025-10-30T15:52:02.218Z - warn: 
2025-10-30T15:52:02.219Z - warn: 
2025-10-30T15:52:02.224Z - warn: 
2025-10-30T15:52:02.224Z - warn: 
2025-10-30T15:52:02.224Z - warn: 
2025-10-30T15:52:03.659Z - warn: 
2025-10-30T15:52:03.726Z - log: [Package] preview@1.0.1 enable
2025-10-30T15:52:03.756Z - log: [Package] animator@1.0.0 enable
2025-10-30T15:52:03.799Z - log: pluginManager init: 0.135ms
2025-10-30T15:52:05.222Z - log: Profile changed: builder (log.level: 4)
2025-10-30T15:52:05.233Z - log: [Package] builder@1.3.3 enable
2025-10-30T15:52:05.267Z - log: [Package] shortcuts@1.0.1 enable
2025-10-30T15:52:05.298Z - log: [Package] animation-graph@1.0.0 enable
2025-10-30T15:52:05.327Z - log: [Package] about@1.0.0 enable
2025-10-30T15:52:05.357Z - log: [Package] assets@1.0.0 enable
2025-10-30T15:52:05.389Z - log: [Package] console@1.0.0 enable
2025-10-30T15:52:05.554Z - log: [Package] extension@3.0.16 enable
2025-10-30T15:52:05.585Z - log: [Package] hierarchy@1.0.0 enable
2025-10-30T15:52:05.615Z - log: [Package] inspector@1.0.0 enable
2025-10-30T15:52:05.645Z - log: [Package] lightmap@1.0.4 enable
2025-10-30T15:52:06.089Z - log: [Package] localization-editor@1.0.0 enable
2025-10-30T15:52:06.098Z - log: [Build-plugin] register pkg localization-editor: 6.211ms
2025-10-30T15:52:06.127Z - log: [Package] node-library@1.0.1 enable
2025-10-30T15:52:06.150Z - log: [Package] package-asset@1.0.0 enable
2025-10-30T15:52:06.178Z - log: [Package] process@1.0.0 enable
2025-10-30T15:52:06.205Z - log: [Package] reference-image@1.0.0 enable
2025-10-30T15:52:06.227Z - log: [Package] alipay-mini-game@1.0.1 enable
2025-10-30T15:52:06.229Z - log: [Build-plugin] register pkg alipay-mini-game: 1.214ms
2025-10-30T15:52:06.252Z - log: [Package] android@1.0.1 enable
2025-10-30T15:52:06.258Z - log: [Build-plugin] register pkg android: 6.165ms
2025-10-30T15:52:06.324Z - log: [Package] baidu-mini-game@1.0.1 enable
2025-10-30T15:52:06.329Z - log: [Build-plugin] register pkg baidu-mini-game: 5.19ms
2025-10-30T15:52:06.331Z - warn: 
2025-10-30T15:52:06.331Z - warn: 
2025-10-30T15:52:06.331Z - warn: 
2025-10-30T15:52:06.359Z - log: [Package] bytedance-mini-game@1.0.2 enable
2025-10-30T15:52:06.361Z - log: [Build-plugin] register pkg bytedance-mini-game: 2.481ms
2025-10-30T15:52:06.383Z - log: [Package] certificate@1.0.0 enable
2025-10-30T15:52:06.406Z - log: [Package] channel-upload-tools@1.0.0 enable
2025-10-30T15:52:06.428Z - log: [Package] cocos-play@1.0.1 enable
2025-10-30T15:52:06.434Z - log: [Build-plugin] register pkg cocos-play: 5.416ms
2025-10-30T15:52:06.456Z - log: [Package] huawei-agc@1.0.0 enable
2025-10-30T15:52:06.461Z - log: [Build-plugin] register pkg huawei-agc: 4.295ms
2025-10-30T15:52:06.483Z - log: [Package] huawei-quick-game@1.0.1 enable
2025-10-30T15:52:06.488Z - log: [Build-plugin] register pkg huawei-quick-game: 4.711ms
2025-10-30T15:52:06.512Z - log: [Package] ios@1.0.0 enable
2025-10-30T15:52:06.517Z - log: [Build-plugin] register pkg ios: 4.194ms
2025-10-30T15:52:06.539Z - log: [Package] linux@1.0.0 enable
2025-10-30T15:52:06.541Z - log: [Build-plugin] register pkg linux: 1.197ms
2025-10-30T15:52:06.564Z - log: [Package] mac@1.0.0 enable
2025-10-30T15:52:06.569Z - log: [Build-plugin] register pkg mac: 4.605ms
2025-10-30T15:52:06.663Z - log: [Package] native@1.0.2 enable
2025-10-30T15:52:06.674Z - log: [Build-plugin] register pkg native: 10.747ms
2025-10-30T15:52:06.688Z - log: [Package] ohos@1.0.0 enable
2025-10-30T15:52:06.692Z - log: [Build-plugin] register pkg ohos: 4.119ms
2025-10-30T15:52:06.714Z - log: [Package] open-harmonyos@1.0.0 enable
2025-10-30T15:52:06.716Z - log: [Build-plugin] register pkg open-harmonyos: 1.186ms
2025-10-30T15:52:06.739Z - log: [Package] oppo-mini-game@1.0.1 enable
2025-10-30T15:52:06.744Z - log: [Build-plugin] register pkg oppo-mini-game: 4.723ms
2025-10-30T15:52:06.766Z - log: [Package] runtime-dev-tools@1.0.0 enable
2025-10-30T15:52:06.788Z - log: [Package] taobao-creative-app@1.0.0 enable
2025-10-30T15:52:06.793Z - log: [Build-plugin] register pkg taobao-creative-app: 4.576ms
2025-10-30T15:52:06.814Z - log: [Package] vivo-mini-game@1.0.1 enable
2025-10-30T15:52:06.819Z - log: [Build-plugin] register pkg vivo-mini-game: 4.336ms
2025-10-30T15:52:06.861Z - log: [Package] web-desktop@1.0.1 enable
2025-10-30T15:52:06.865Z - log: [Build-plugin] register pkg web-desktop: 3.909ms
2025-10-30T15:52:06.897Z - log: [Package] web-mobile@1.0.1 enable
2025-10-30T15:52:06.901Z - log: [Build-plugin] register pkg web-mobile: 3.627ms
2025-10-30T15:52:06.930Z - log: [Package] wechatgame@1.0.2 enable
2025-10-30T15:52:06.935Z - log: [Build-plugin] register pkg wechatgame: 4.215ms
2025-10-30T15:52:06.957Z - log: [Package] windows@1.0.1 enable
2025-10-30T15:52:06.961Z - log: [Build-plugin] register pkg windows: 3.886ms
2025-10-30T15:52:06.984Z - log: [Package] xiaomi-quick-game@1.0.1 enable
2025-10-30T15:52:06.989Z - log: [Build-plugin] register pkg xiaomi-quick-game: 4.814ms
2025-10-30T15:52:07.258Z - log: [Package] cocos-service@3.0.5 enable
2025-10-30T15:52:07.262Z - log: [Build-plugin] register pkg cocos-service: 2.829ms
2025-10-30T15:52:07.287Z - log: [Package] importer@1.1.0 enable
2025-10-30T15:52:07.603Z - log: [Im-plugin] Check im-plugin version.
2025-10-30T15:52:07.609Z - log: [Package] im-plugin@3.0.9 enable
2025-10-30T15:52:08.624Z - log: [Im-plugin] No online info of im-plugin.
2025-10-30T15:52:11.105Z - log: [Scene] Please specifiy a default value for "cc.EditorExtendable.__editorExtras__" property at its declaration:

 
// Before:
@property(...)
myProp;
// After:
@property(...)
myProp = 0;
2025-10-30T15:52:11.130Z - log: [Scene] Please specifiy a default value for "CCPropertyOverrideInfo.value" property at its declaration:

 
// Before:
@property(...)
myProp;
// After:
@property(...)
myProp = 0;
2025-10-30T15:52:11.131Z - log: [Scene] Please specifiy a default value for "cc.PrefabInfo.asset" property at its declaration:

 
// Before:
@property(...)
myProp;
// After:
@property(...)
myProp = 0;
2025-10-30T15:52:11.131Z - log: [Scene] Please specifiy a default value for "cc.PrefabInfo.nestedPrefabInstanceRoots" property at its declaration:

 
// Before:
@property(...)
myProp;
// After:
@property(...)
myProp = 0;
2025-10-30T15:52:11.136Z - log: [Scene] The 'default' attribute of 'ColorDesc.beginAccesses' must be an array
2025-10-30T15:52:11.136Z - log: [Scene] The 'default' attribute of 'ColorDesc.endAccesses' must be an array
2025-10-30T15:52:11.152Z - log: [Scene] Please specifiy a default value for "cc.animation.TrackBinding.proxy" property at its declaration:

 
// Before:
@property(...)
myProp;
// After:
@property(...)
myProp = 0;
2025-10-30T15:52:11.152Z - log: [Scene] Please specifiy a default value for "cc.animation.Channel._curve" property at its declaration:

 
// Before:
@property(...)
myProp;
// After:
@property(...)
myProp = 0;
2025-10-30T15:52:11.152Z - log: [Scene] Please specifiy a default value for "cc.animation.SingleChannelTrack._channel" property at its declaration:

 
// Before:
@property(...)
myProp;
// After:
@property(...)
myProp = 0;
2025-10-30T15:52:11.153Z - log: [Scene] Please specifiy a default value for "cc.animation.VectorTrack._channels" property at its declaration:

 
// Before:
@property(...)
myProp;
// After:
@property(...)
myProp = 0;
2025-10-30T15:52:11.153Z - log: [Scene] Please specifiy a default value for "cc.animation.ColorTrack._channels" property at its declaration:

 
// Before:
@property(...)
myProp;
// After:
@property(...)
myProp = 0;
2025-10-30T15:52:11.154Z - log: [Scene] Please specifiy a default value for "cc.animation.SizeTrack._channels" property at its declaration:

 
// Before:
@property(...)
myProp;
// After:
@property(...)
myProp = 0;
2025-10-30T15:52:11.154Z - log: [Scene] Please specifiy a default value for "cc.animation.Transition.from" property at its declaration:

 
// Before:
@property(...)
myProp;
// After:
@property(...)
myProp = 0;
2025-10-30T15:52:11.154Z - log: [Scene] Please specifiy a default value for "cc.animation.Transition.to" property at its declaration:

 
// Before:
@property(...)
myProp;
// After:
@property(...)
myProp = 0;
2025-10-30T15:52:11.155Z - log: [Scene] Please specifiy a default value for "cc.animation.StateMachine._entryState" property at its declaration:

 
// Before:
@property(...)
myProp;
// After:
@property(...)
myProp = 0;
2025-10-30T15:52:11.155Z - log: [Scene] Please specifiy a default value for "cc.animation.StateMachine._exitState" property at its declaration:

 
// Before:
@property(...)
myProp;
// After:
@property(...)
myProp = 0;
2025-10-30T15:52:11.155Z - log: [Scene] Please specifiy a default value for "cc.animation.StateMachine._anyState" property at its declaration:

 
// Before:
@property(...)
myProp;
// After:
@property(...)
myProp = 0;
2025-10-30T15:52:11.155Z - log: [Scene] Please specifiy a default value for "cc.animation.Layer._stateMachine" property at its declaration:

 
// Before:
@property(...)
myProp;
// After:
@property(...)
myProp = 0;
2025-10-30T15:52:11.156Z - log: [Scene] Please specifiy a default value for "cc.animation.ExoticVectorLikeTrackValues._values" property at its declaration:

 
// Before:
@property(...)
myProp;
// After:
@property(...)
myProp = 0;
2025-10-30T15:52:11.156Z - log: [Scene] Please specifiy a default value for "cc.animation.ExoticVectorLikeTrackValues._isQuantized" property at its declaration:

 
// Before:
@property(...)
myProp;
// After:
@property(...)
myProp = 0;
2025-10-30T15:52:11.157Z - log: [Scene] Please specifiy a default value for "cc.animation.ExoticTrack.times" property at its declaration:

 
// Before:
@property(...)
myProp;
// After:
@property(...)
myProp = 0;
2025-10-30T15:52:11.157Z - log: [Scene] Please specifiy a default value for "cc.animation.ExoticTrack.values" property at its declaration:

 
// Before:
@property(...)
myProp;
// After:
@property(...)
myProp = 0;
2025-10-30T15:52:11.157Z - log: [Scene] Please specifiy a default value for "cc.animation.QuantizedFloatArray.originalPrecision" property at its declaration:

 
// Before:
@property(...)
myProp;
// After:
@property(...)
myProp = 0;
2025-10-30T15:52:11.157Z - log: [Scene] Please specifiy a default value for "cc.animation.QuantizedFloatArray.min" property at its declaration:

 
// Before:
@property(...)
myProp;
// After:
@property(...)
myProp = 0;
2025-10-30T15:52:11.157Z - log: [Scene] Please specifiy a default value for "cc.animation.QuantizedFloatArray.extent" property at its declaration:

 
// Before:
@property(...)
myProp;
// After:
@property(...)
myProp = 0;
2025-10-30T15:52:11.157Z - log: [Scene] Please specifiy a default value for "cc.animation.QuantizedFloatArray.values" property at its declaration:

 
// Before:
@property(...)
myProp;
// After:
@property(...)
myProp = 0;
2025-10-30T15:52:11.194Z - log: [Scene] 'cc.ParticleSystem2D.color' hides inherited property 'cc.UIRenderer.color'. To make the current property override that implementation, add the `override: true` attribute please.
2025-10-30T15:52:11.241Z - log: [Scene] No needs to indicate the 'cc.Boolean' attribute for "cc.Terrain._receiveShadow", which its default value is type of Boolean.
2025-10-30T15:52:11.241Z - log: [Scene] No needs to indicate the 'cc.Boolean' attribute for "cc.Terrain._useNormalmap", which its default value is type of Boolean.
2025-10-30T15:52:11.241Z - log: [Scene] No needs to indicate the 'cc.Boolean' attribute for "cc.Terrain._usePBR", which its default value is type of Boolean.
2025-10-30T15:52:11.241Z - log: [Scene] No needs to indicate the 'cc.Boolean' attribute for "cc.Terrain._lodEnable", which its default value is type of Boolean.
2025-10-30T15:52:11.245Z - log: [Scene] Can not declare sp.Skeleton._updateBuiltinMaterial, it is already defined in the prototype of sp.Skeleton
2025-10-30T15:52:11.245Z - log: [Scene] Can not declare sp.Skeleton.updateMaterial, it is already defined in the prototype of sp.Skeleton
2025-10-30T15:52:11.250Z - log: [Scene] Can not declare dragonBones.ArmatureDisplay._updateBuiltinMaterial, it is already defined in the prototype of dragonBones.ArmatureDisplay
2025-10-30T15:52:11.250Z - log: [Scene] Can not declare dragonBones.ArmatureDisplay.updateMaterial, it is already defined in the prototype of dragonBones.ArmatureDisplay
2025-10-30T15:52:11.330Z - info: [Scene] [Physics][Bullet]: Using asmjs Bullet libs.
2025-10-30T15:52:11.340Z - info: [Scene] [PHYSICS]: using builtin.
2025-10-30T15:52:11.512Z - log: [Scene] Cocos Creator v3.6.3
2025-10-30T15:52:11.513Z - info: [Scene] Forward render pipeline initialized.
2025-10-30T15:57:30.841Z - warn: Metrics: no valid info
